[2026/07/12 04:20:15] INFO     Canonicalized data set    recsys_data_set.py:205
                               already exists, skipping                        
                               download and                                    
                               canonicalization.                               
Preprocessing complete: ratings > 3 converted to implicit and iterative 5-core filtering retained 938 users, 1008 items, and 54413 interactions
Effective ALS configuration: {'embedding_size': 64, 'epochs': 10, 'regularization': 0.1, 'weight': 40, 'use_ratings': False, 'user_embeddings': True}; fixed training seed=2026

===== Split seed 11: per-user 80/20 holdout =====
split_seed=11 train=43158 test=11255 test_fraction=0.2068 users=938
[2026/07/12 04:20:16] INFO     Reusing existing env 'LensKit_env' at envs.py:48
                               C:\Users\lukas\.omnirec\data\envs\Len           
                               sKit_env                                        
                      INFO     Starting runner...            coordinator.py:272
[2026/07/12 04:20:18] INFO     Runner started with pid: 512  coordinator.py:297
                      INFO     Connecting to runner...       coordinator.py:135
                      INFO     Running phase 'Fit' for       coordinator.py:402
                               MovieLens100K/ImplicitMFScore                   
                               r                                               
[2026/07/12 04:20:28] INFO     Running phase 'Predict' for   coordinator.py:402
                               MovieLens100K/ImplicitMFScore                   
                               r                                               
[2026/07/12 04:20:48] INFO     Running phase 'Evaluate' for  coordinator.py:402
                               MovieLens100K/ImplicitMFScore                   
                               r                                               
[2026/07/12 04:20:50] INFO     MovieLens100K/ImplicitMFScore coordinator.py:373
                               r done!                                         
                      INFO     Stopping runner...            coordinator.py:445
                      INFO     Reusing existing env 'LensKit_env' at envs.py:48
                               C:\Users\lukas\.omnirec\data\envs\Len           
                               sKit_env                                        
                      INFO     Starting runner...            coordinator.py:272
[2026/07/12 04:20:53] INFO     Runner started with pid:      coordinator.py:297
                               18452                                           
                      INFO     Connecting to runner...       coordinator.py:135
                      INFO     Running phase 'Fit' for       coordinator.py:402
                               MovieLens100K/PopScorer                         
[2026/07/12 04:21:03] INFO     Running phase 'Predict' for   coordinator.py:402
                               MovieLens100K/PopScorer                         
[2026/07/12 04:21:23] INFO     Running phase 'Evaluate' for  coordinator.py:402
                               MovieLens100K/PopScorer                         
[2026/07/12 04:21:25] INFO     MovieLens100K/PopScorer done! coordinator.py:373
                      INFO     Stopping runner...            coordinator.py:445
                  MovieLens100K-eff9ee63: Evaluation Results                   
+-----------------------------------------------------------------------------+
| Algorithm                        | NDCG@10             | Precision@10       |
|----------------------------------+---------------------+--------------------|
| LensKit.ImplicitMFScorer-4b73ff… | 0.15538400870016975 | 0.1450959488272921 |
| LensKit.PopScorer-f4aa5539-2026  | 0.14003086071422216 | 0.1208955223880597 |
+-----------------------------------------------------------------------------+
algorithm=ALS split_seed=11 NDCG@10=0.155384 Precision@10=0.145096
algorithm=Pop split_seed=11 NDCG@10=0.140031 Precision@10=0.120896

===== Split seed 23: per-user 80/20 holdout =====
split_seed=23 train=43158 test=11255 test_fraction=0.2068 users=938
                      INFO     Reusing existing env 'LensKit_env' at envs.py:48
                               C:\Users\lukas\.omnirec\data\envs\Len           
                               sKit_env                                        
                      INFO     Starting runner...            coordinator.py:272
[2026/07/12 04:21:28] INFO     Runner started with pid: 2232 coordinator.py:297
                      INFO     Connecting to runner...       coordinator.py:135
                      INFO     Running phase 'Fit' for       coordinator.py:402
                               MovieLens100K/ImplicitMFScore                   
                               r                                               
[2026/07/12 04:21:38] INFO     Running phase 'Predict' for   coordinator.py:402
                               MovieLens100K/ImplicitMFScore                   
                               r                                               
[2026/07/12 04:21:58] INFO     Running phase 'Evaluate' for  coordinator.py:402
                               MovieLens100K/ImplicitMFScore                   
                               r                                               
[2026/07/12 04:22:00] INFO     MovieLens100K/ImplicitMFScore coordinator.py:373
                               r done!                                         
                      INFO     Stopping runner...            coordinator.py:445
                      INFO     Reusing existing env 'LensKit_env' at envs.py:48
                               C:\Users\lukas\.omnirec\data\envs\Len           
                               sKit_env                                        
                      INFO     Starting runner...            coordinator.py:272
[2026/07/12 04:22:02] INFO     Runner started with pid:      coordinator.py:297
                               25864                                           
                      INFO     Connecting to runner...       coordinator.py:135
[2026/07/12 04:22:03] INFO     Running phase 'Fit' for       coordinator.py:402
                               MovieLens100K/PopScorer                         
[2026/07/12 04:22:13] INFO     Running phase 'Predict' for   coordinator.py:402
                               MovieLens100K/PopScorer                         
[2026/07/12 04:22:33] INFO     Running phase 'Evaluate' for  coordinator.py:402
                               MovieLens100K/PopScorer                         
[2026/07/12 04:22:34] INFO     MovieLens100K/PopScorer done! coordinator.py:373
                      INFO     Stopping runner...            coordinator.py:445
                  MovieLens100K-eff9ee63: Evaluation Results                   
+-----------------------------------------------------------------------------+
| Algorithm                       | NDCG@10             | Precision@10        |
|---------------------------------+---------------------+---------------------|
| LensKit.ImplicitMFScorer-4b73f… | 0.16346936238187024 | 0.14829424307036246 |
| LensKit.PopScorer-f4aa5539-2026 | 0.1389345570476171  | 0.12452025586353944 |
+-----------------------------------------------------------------------------+
algorithm=ALS split_seed=23 NDCG@10=0.163469 Precision@10=0.148294
algorithm=Pop split_seed=23 NDCG@10=0.138935 Precision@10=0.124520

===== Split seed 37: per-user 80/20 holdout =====
split_seed=37 train=43158 test=11255 test_fraction=0.2068 users=938
[2026/07/12 04:22:35] INFO     Reusing existing env 'LensKit_env' at envs.py:48
                               C:\Users\lukas\.omnirec\data\envs\Len           
                               sKit_env                                        
                      INFO     Starting runner...            coordinator.py:272
[2026/07/12 04:22:37] INFO     Runner started with pid:      coordinator.py:297
                               15504                                           
                      INFO     Connecting to runner...       coordinator.py:135
                      INFO     Running phase 'Fit' for       coordinator.py:402
                               MovieLens100K/ImplicitMFScore                   
                               r                                               
[2026/07/12 04:22:47] INFO     Running phase 'Predict' for   coordinator.py:402
                               MovieLens100K/ImplicitMFScore                   
                               r                                               
[2026/07/12 04:23:07] INFO     Running phase 'Evaluate' for  coordinator.py:402
                               MovieLens100K/ImplicitMFScore                   
                               r                                               
[2026/07/12 04:23:09] INFO     MovieLens100K/ImplicitMFScore coordinator.py:373
                               r done!                                         
                      INFO     Stopping runner...            coordinator.py:445
                      INFO     Reusing existing env 'LensKit_env' at envs.py:48
                               C:\Users\lukas\.omnirec\data\envs\Len           
                               sKit_env                                        
                      INFO     Starting runner...            coordinator.py:272
[2026/07/12 04:23:12] INFO     Runner started with pid:      coordinator.py:297
                               21616                                           
                      INFO     Connecting to runner...       coordinator.py:135
                      INFO     Running phase 'Fit' for       coordinator.py:402
                               MovieLens100K/PopScorer                         
[2026/07/12 04:23:22] INFO     Running phase 'Predict' for   coordinator.py:402
                               MovieLens100K/PopScorer                         
[2026/07/12 04:23:42] INFO     Running phase 'Evaluate' for  coordinator.py:402
                               MovieLens100K/PopScorer                         
[2026/07/12 04:23:44] INFO     MovieLens100K/PopScorer done! coordinator.py:373
                      INFO     Stopping runner...            coordinator.py:445
                  MovieLens100K-eff9ee63: Evaluation Results                   
+-----------------------------------------------------------------------------+
| Algorithm                       | NDCG@10             | Precision@10        |
|---------------------------------+---------------------+---------------------|
| LensKit.ImplicitMFScorer-4b73f… | 0.16522850754129273 | 0.15074626865671642 |
| LensKit.PopScorer-f4aa5539-2026 | 0.14251187281494956 | 0.12366737739872068 |
+-----------------------------------------------------------------------------+
algorithm=ALS split_seed=37 NDCG@10=0.165229 Precision@10=0.150746
algorithm=Pop split_seed=37 NDCG@10=0.142512 Precision@10=0.123667

===== Split seed 53: per-user 80/20 holdout =====
split_seed=53 train=43158 test=11255 test_fraction=0.2068 users=938
                      INFO     Reusing existing env 'LensKit_env' at envs.py:48
                               C:\Users\lukas\.omnirec\data\envs\Len           
                               sKit_env                                        
                      INFO     Starting runner...            coordinator.py:272
[2026/07/12 04:23:47] INFO     Runner started with pid:      coordinator.py:297
                               14892                                           
                      INFO     Connecting to runner...       coordinator.py:135
                      INFO     Running phase 'Fit' for       coordinator.py:402
                               MovieLens100K/ImplicitMFScore                   
                               r                                               
[2026/07/12 04:23:57] INFO     Running phase 'Predict' for   coordinator.py:402
                               MovieLens100K/ImplicitMFScore                   
                               r                                               
[2026/07/12 04:24:17] INFO     Running phase 'Evaluate' for  coordinator.py:402
                               MovieLens100K/ImplicitMFScore                   
                               r                                               
[2026/07/12 04:24:19] INFO     MovieLens100K/ImplicitMFScore coordinator.py:373
                               r done!                                         
                      INFO     Stopping runner...            coordinator.py:445
                      INFO     Reusing existing env 'LensKit_env' at envs.py:48
                               C:\Users\lukas\.omnirec\data\envs\Len           
                               sKit_env                                        
                      INFO     Starting runner...            coordinator.py:272
[2026/07/12 04:24:22] INFO     Runner started with pid: 2232 coordinator.py:297
                      INFO     Connecting to runner...       coordinator.py:135
                      INFO     Running phase 'Fit' for       coordinator.py:402
                               MovieLens100K/PopScorer                         
[2026/07/12 04:24:32] INFO     Running phase 'Predict' for   coordinator.py:402
                               MovieLens100K/PopScorer                         
[2026/07/12 04:24:52] INFO     Running phase 'Evaluate' for  coordinator.py:402
                               MovieLens100K/PopScorer                         
[2026/07/12 04:24:53] INFO     MovieLens100K/PopScorer done! coordinator.py:373
                      INFO     Stopping runner...            coordinator.py:445
                  MovieLens100K-eff9ee63: Evaluation Results                   
+-----------------------------------------------------------------------------+
| Algorithm                       | NDCG@10             | Precision@10        |
|---------------------------------+---------------------+---------------------|
| LensKit.ImplicitMFScorer-4b73f… | 0.16369259259986615 | 0.15074626865671642 |
| LensKit.PopScorer-f4aa5539-2026 | 0.1312958324120398  | 0.1162046908315565  |
+-----------------------------------------------------------------------------+
algorithm=ALS split_seed=53 NDCG@10=0.163693 Precision@10=0.150746
algorithm=Pop split_seed=53 NDCG@10=0.131296 Precision@10=0.116205

===== Split seed 71: per-user 80/20 holdout =====
split_seed=71 train=43158 test=11255 test_fraction=0.2068 users=938
[2026/07/12 04:24:54] INFO     Reusing existing env 'LensKit_env' at envs.py:48
                               C:\Users\lukas\.omnirec\data\envs\Len           
                               sKit_env                                        
                      INFO     Starting runner...            coordinator.py:272
[2026/07/12 04:24:56] INFO     Runner started with pid:      coordinator.py:297
                               20256                                           
                      INFO     Connecting to runner...       coordinator.py:135
                      INFO     Running phase 'Fit' for       coordinator.py:402
                               MovieLens100K/ImplicitMFScore                   
                               r                                               
[2026/07/12 04:25:06] INFO     Running phase 'Predict' for   coordinator.py:402
                               MovieLens100K/ImplicitMFScore                   
                               r                                               
[2026/07/12 04:25:26] INFO     Running phase 'Evaluate' for  coordinator.py:402
                               MovieLens100K/ImplicitMFScore                   
                               r                                               
[2026/07/12 04:25:28] INFO     MovieLens100K/ImplicitMFScore coordinator.py:373
                               r done!                                         
                      INFO     Stopping runner...            coordinator.py:445
                      INFO     Reusing existing env 'LensKit_env' at envs.py:48
                               C:\Users\lukas\.omnirec\data\envs\Len           
                               sKit_env                                        
                      INFO     Starting runner...            coordinator.py:272
[2026/07/12 04:25:31] INFO     Runner started with pid:      coordinator.py:297
                               16312                                           
                      INFO     Connecting to runner...       coordinator.py:135
                      INFO     Running phase 'Fit' for       coordinator.py:402
                               MovieLens100K/PopScorer                         
[2026/07/12 04:25:41] INFO     Running phase 'Predict' for   coordinator.py:402
                               MovieLens100K/PopScorer                         
[2026/07/12 04:26:01] INFO     Running phase 'Evaluate' for  coordinator.py:402
                               MovieLens100K/PopScorer                         
[2026/07/12 04:26:03] INFO     MovieLens100K/PopScorer done! coordinator.py:373
                      INFO     Stopping runner...            coordinator.py:445
                  MovieLens100K-eff9ee63: Evaluation Results                   
+-----------------------------------------------------------------------------+
| Algorithm                       | NDCG@10             | Precision@10        |
|---------------------------------+---------------------+---------------------|
| LensKit.ImplicitMFScorer-4b73f… | 0.16652021215502716 | 0.15000000000000002 |
| LensKit.PopScorer-f4aa5539-2026 | 0.13640467883630475 | 0.12036247334754797 |
+-----------------------------------------------------------------------------+
algorithm=ALS split_seed=71 NDCG@10=0.166520 Precision@10=0.150000
algorithm=Pop split_seed=71 NDCG@10=0.136405 Precision@10=0.120362

Split audit:
 train_interactions  validation_interactions  test_interactions  evaluated_users  minimum_test_interactions_per_user  actual_test_fraction  split_seed
              43158                        0              11255              938                                   1              0.206844          11
              43158                        0              11255              938                                   1              0.206844          23
              43158                        0              11255              938                                   1              0.206844          37
              43158                        0              11255              938                                   1              0.206844          53
              43158                        0              11255              938                                   1              0.206844          71

Complete per-seed results:
algorithm  ndcg_at_10  precision_at_10  split_seed  training_seed
      ALS    0.155384         0.145096          11           2026
      ALS    0.163469         0.148294          23           2026
      ALS    0.165229         0.150746          37           2026
      ALS    0.163693         0.150746          53           2026
      ALS    0.166520         0.150000          71           2026
      Pop    0.140031         0.120896          11           2026
      Pop    0.138935         0.124520          23           2026
      Pop    0.142512         0.123667          37           2026
      Pop    0.131296         0.116205          53           2026
      Pop    0.136405         0.120362          71           2026

Across-split-seed descriptive statistics:
algorithm       dataset  n_split_seeds  fixed_training_seed       metric     mean  sample_std      min      max    range  coefficient_of_variation
      ALS MovieLens100K              5                 2026      NDCG@10 0.162859    0.004358 0.155384 0.166520 0.011136                  0.026758
      ALS MovieLens100K              5                 2026 Precision@10 0.148977    0.002389 0.145096 0.150746 0.005650                  0.016038
      Pop MovieLens100K              5                 2026      NDCG@10 0.137836    0.004264 0.131296 0.142512 0.011216                  0.030932
      Pop MovieLens100K              5                 2026 Precision@10 0.121130    0.003272 0.116205 0.124520 0.008316                  0.027016

Saved complete per-seed metrics to: C:\Users\lukas\AutoRecLab_Team7\out_2026-07-12T03-28-31\workspace\working\algorithm_split_seed_results.csv
Saved split audit to: C:\Users\lukas\AutoRecLab_Team7\out_2026-07-12T03-28-31\workspace\working\split_audit.csv
Saved descriptive statistics to: C:\Users\lukas\AutoRecLab_Team7\out_2026-07-12T03-28-31\workspace\working\algorithm_split_seed_summary.csv
Saved retained prototype plot to: C:\Users\lukas\AutoRecLab_Team7\out_2026-07-12T03-28-31\workspace\working\als_ndcg_at_10_by_split_seed.png
Saved NDCG comparison plot to: C:\Users\lukas\AutoRecLab_Team7\out_2026-07-12T03-28-31\workspace\working\ndcg_at_10_by_algorithm_and_split_seed.png
Saved Precision comparison plot to: C:\Users\lukas\AutoRecLab_Team7\out_2026-07-12T03-28-31\workspace\working\precision_at_10_by_algorithm_and_split_seed.png
Saved reproducibility report to: C:\Users\lukas\AutoRecLab_Team7\out_2026-07-12T03-28-31\workspace\working\experiment_report.txt
Execution time: 5 minutes (time limit is an hour).