
=== ALS + Pop: split seed 11 ===
[2026/07/12 03:17:50] INFO     Canonicalized data set    recsys_data_set.py:205
                               already exists, skipping                        
                               download and                                    
                               canonicalization.                               
                      INFO     Making data set        feedback_conversion.py:21
                               implicit with                                   
                               threshold 4.                                    
                      INFO     Minimum rating: 1      feedback_conversion.py:24
                      INFO     Maximum rating: 5      feedback_conversion.py:25
                      INFO     Number of interactions feedback_conversion.py:26
                               before: 100000                                  
                      INFO     Number of interactions feedback_conversion.py:44
                               after: 55375                                    
                      INFO     Pruning data set to 5-core.   core_pruning.py:19
                      INFO     Number of interactions        core_pruning.py:20
                               before: 55375                                   
                      INFO     Number of interactions after: core_pruning.py:63
                               54413                                           
[2026/07/12 03:17:51] INFO     Reusing existing env 'LensKit_env' at envs.py:48
                               C:\Users\lukas\.omnirec\data\envs\Len           
                               sKit_env                                        
                      INFO     Starting runner...            coordinator.py:272
[2026/07/12 03:17:53] INFO     Runner started with pid:      coordinator.py:297
                               10640                                           
                      INFO     Connecting to runner...       coordinator.py:135
                      INFO     Running phase 'Fit' for       coordinator.py:402
                               MovieLens100K/ImplicitMFScore                   
                               r                                               
[2026/07/12 03:18:03] INFO     Running phase 'Predict' for   coordinator.py:402
                               MovieLens100K/ImplicitMFScore                   
                               r                                               
[2026/07/12 03:18:23] INFO     Running phase 'Evaluate' for  coordinator.py:402
                               MovieLens100K/ImplicitMFScore                   
                               r                                               
[2026/07/12 03:18:25] INFO     MovieLens100K/ImplicitMFScore coordinator.py:373
                               r done!                                         
                      INFO     Stopping runner...            coordinator.py:445
                      INFO     Reusing existing env 'LensKit_env' at envs.py:48
                               C:\Users\lukas\.omnirec\data\envs\Len           
                               sKit_env                                        
                      INFO     Starting runner...            coordinator.py:272
[2026/07/12 03:18:28] INFO     Runner started with pid:      coordinator.py:297
                               12052                                           
                      INFO     Connecting to runner...       coordinator.py:135
                      INFO     Running phase 'Fit' for       coordinator.py:402
                               MovieLens100K/PopScorer                         
[2026/07/12 03:18:38] INFO     Running phase 'Predict' for   coordinator.py:402
                               MovieLens100K/PopScorer                         
[2026/07/12 03:18:58] INFO     Running phase 'Evaluate' for  coordinator.py:402
                               MovieLens100K/PopScorer                         
[2026/07/12 03:19:00] INFO     MovieLens100K/PopScorer done! coordinator.py:373
                      INFO     Stopping runner...            coordinator.py:445
                  MovieLens100K-5b950c9a: Evaluation Results                   
+-----------------------------------------------------------------------------+
| Algorithm                       | NDCG@10             | Precision@10        |
|---------------------------------+---------------------+---------------------|
| LensKit.ImplicitMFScorer-f0dd7… | 0.15599045516185836 | 0.14754797441364606 |
| LensKit.PopScorer-f4aa5539-2027 | 0.1328263779424512  | 0.11737739872068231 |
+-----------------------------------------------------------------------------+
seed=11, ALS nDCG@10=0.15599046, Precision@10=0.14754797
seed=11, Pop nDCG@10=0.13282638, Precision@10=0.11737740

=== ALS + Pop: split seed 22 ===
                      INFO     Canonicalized data set    recsys_data_set.py:205
                               already exists, skipping                        
                               download and                                    
                               canonicalization.                               
                      INFO     Making data set        feedback_conversion.py:21
                               implicit with                                   
                               threshold 4.                                    
                      INFO     Minimum rating: 1      feedback_conversion.py:24
                      INFO     Maximum rating: 5      feedback_conversion.py:25
                      INFO     Number of interactions feedback_conversion.py:26
                               before: 100000                                  
                      INFO     Number of interactions feedback_conversion.py:44
                               after: 55375                                    
                      INFO     Pruning data set to 5-core.   core_pruning.py:19
                      INFO     Number of interactions        core_pruning.py:20
                               before: 55375                                   
                      INFO     Number of interactions after: core_pruning.py:63
                               54413                                           
                      INFO     Reusing existing env 'LensKit_env' at envs.py:48
                               C:\Users\lukas\.omnirec\data\envs\Len           
                               sKit_env                                        
                      INFO     Starting runner...            coordinator.py:272
[2026/07/12 03:19:03] INFO     Runner started with pid:      coordinator.py:297
                               22864                                           
                      INFO     Connecting to runner...       coordinator.py:135
                      INFO     Running phase 'Fit' for       coordinator.py:402
                               MovieLens100K/ImplicitMFScore                   
                               r                                               
[2026/07/12 03:19:13] INFO     Running phase 'Predict' for   coordinator.py:402
                               MovieLens100K/ImplicitMFScore                   
                               r                                               
[2026/07/12 03:19:33] INFO     Running phase 'Evaluate' for  coordinator.py:402
                               MovieLens100K/ImplicitMFScore                   
                               r                                               
[2026/07/12 03:19:35] INFO     MovieLens100K/ImplicitMFScore coordinator.py:373
                               r done!                                         
                      INFO     Stopping runner...            coordinator.py:445
                      INFO     Reusing existing env 'LensKit_env' at envs.py:48
                               C:\Users\lukas\.omnirec\data\envs\Len           
                               sKit_env                                        
                      INFO     Starting runner...            coordinator.py:272
[2026/07/12 03:19:38] INFO     Runner started with pid:      coordinator.py:297
                               26792                                           
                      INFO     Connecting to runner...       coordinator.py:135
                      INFO     Running phase 'Fit' for       coordinator.py:402
                               MovieLens100K/PopScorer                         
[2026/07/12 03:19:48] INFO     Running phase 'Predict' for   coordinator.py:402
                               MovieLens100K/PopScorer                         
[2026/07/12 03:20:08] INFO     Running phase 'Evaluate' for  coordinator.py:402
                               MovieLens100K/PopScorer                         
[2026/07/12 03:20:10] INFO     MovieLens100K/PopScorer done! coordinator.py:373
                      INFO     Stopping runner...            coordinator.py:445
                  MovieLens100K-5b950c9a: Evaluation Results                   
+-----------------------------------------------------------------------------+
| Algorithm                       | NDCG@10             | Precision@10        |
|---------------------------------+---------------------+---------------------|
| LensKit.ImplicitMFScorer-f0dd7… | 0.15186605120152147 | 0.1396588486140725  |
| LensKit.PopScorer-f4aa5539-2027 | 0.1338042819804274  | 0.11833688699360341 |
+-----------------------------------------------------------------------------+
seed=22, ALS nDCG@10=0.15186605, Precision@10=0.13965885
seed=22, Pop nDCG@10=0.13380428, Precision@10=0.11833689

=== ALS + Pop: split seed 33 ===
                      INFO     Canonicalized data set    recsys_data_set.py:205
                               already exists, skipping                        
                               download and                                    
                               canonicalization.                               
                      INFO     Making data set        feedback_conversion.py:21
                               implicit with                                   
                               threshold 4.                                    
                      INFO     Minimum rating: 1      feedback_conversion.py:24
                      INFO     Maximum rating: 5      feedback_conversion.py:25
                      INFO     Number of interactions feedback_conversion.py:26
                               before: 100000                                  
                      INFO     Number of interactions feedback_conversion.py:44
                               after: 55375                                    
                      INFO     Pruning data set to 5-core.   core_pruning.py:19
                      INFO     Number of interactions        core_pruning.py:20
                               before: 55375                                   
                      INFO     Number of interactions after: core_pruning.py:63
                               54413                                           
                      INFO     Reusing existing env 'LensKit_env' at envs.py:48
                               C:\Users\lukas\.omnirec\data\envs\Len           
                               sKit_env                                        
                      INFO     Starting runner...            coordinator.py:272
[2026/07/12 03:20:13] INFO     Runner started with pid:      coordinator.py:297
                               29948                                           
                      INFO     Connecting to runner...       coordinator.py:135
                      INFO     Running phase 'Fit' for       coordinator.py:402
                               MovieLens100K/ImplicitMFScore                   
                               r                                               
[2026/07/12 03:20:23] INFO     Running phase 'Predict' for   coordinator.py:402
                               MovieLens100K/ImplicitMFScore                   
                               r                                               
[2026/07/12 03:20:43] INFO     Running phase 'Evaluate' for  coordinator.py:402
                               MovieLens100K/ImplicitMFScore                   
                               r                                               
[2026/07/12 03:20:45] INFO     MovieLens100K/ImplicitMFScore coordinator.py:373
                               r done!                                         
                      INFO     Stopping runner...            coordinator.py:445
                      INFO     Reusing existing env 'LensKit_env' at envs.py:48
                               C:\Users\lukas\.omnirec\data\envs\Len           
                               sKit_env                                        
                      INFO     Starting runner...            coordinator.py:272
[2026/07/12 03:20:48] INFO     Runner started with pid:      coordinator.py:297
                               21624                                           
                      INFO     Connecting to runner...       coordinator.py:135
                      INFO     Running phase 'Fit' for       coordinator.py:402
                               MovieLens100K/PopScorer                         
[2026/07/12 03:20:58] INFO     Running phase 'Predict' for   coordinator.py:402
                               MovieLens100K/PopScorer                         
[2026/07/12 03:21:18] INFO     Running phase 'Evaluate' for  coordinator.py:402
                               MovieLens100K/PopScorer                         
[2026/07/12 03:21:19] INFO     MovieLens100K/PopScorer done! coordinator.py:373
                      INFO     Stopping runner...            coordinator.py:445
                  MovieLens100K-5b950c9a: Evaluation Results                   
+-----------------------------------------------------------------------------+
| Algorithm                       | NDCG@10             | Precision@10        |
|---------------------------------+---------------------+---------------------|
| LensKit.ImplicitMFScorer-f0dd7… | 0.1567829347076805  | 0.14445628997867804 |
| LensKit.PopScorer-f4aa5539-2027 | 0.13275265052573657 | 0.11417910447761195 |
+-----------------------------------------------------------------------------+
seed=33, ALS nDCG@10=0.15678293, Precision@10=0.14445629
seed=33, Pop nDCG@10=0.13275265, Precision@10=0.11417910

=== ALS + Pop: split seed 44 ===
[2026/07/12 03:21:20] INFO     Canonicalized data set    recsys_data_set.py:205
                               already exists, skipping                        
                               download and                                    
                               canonicalization.                               
                      INFO     Making data set        feedback_conversion.py:21
                               implicit with                                   
                               threshold 4.                                    
                      INFO     Minimum rating: 1      feedback_conversion.py:24
                      INFO     Maximum rating: 5      feedback_conversion.py:25
                      INFO     Number of interactions feedback_conversion.py:26
                               before: 100000                                  
                      INFO     Number of interactions feedback_conversion.py:44
                               after: 55375                                    
                      INFO     Pruning data set to 5-core.   core_pruning.py:19
                      INFO     Number of interactions        core_pruning.py:20
                               before: 55375                                   
                      INFO     Number of interactions after: core_pruning.py:63
                               54413                                           
                      INFO     Reusing existing env 'LensKit_env' at envs.py:48
                               C:\Users\lukas\.omnirec\data\envs\Len           
                               sKit_env                                        
                      INFO     Starting runner...            coordinator.py:272
[2026/07/12 03:21:23] INFO     Runner started with pid:      coordinator.py:297
                               14684                                           
                      INFO     Connecting to runner...       coordinator.py:135
                      INFO     Running phase 'Fit' for       coordinator.py:402
                               MovieLens100K/ImplicitMFScore                   
                               r                                               
[2026/07/12 03:21:33] INFO     Running phase 'Predict' for   coordinator.py:402
                               MovieLens100K/ImplicitMFScore                   
                               r                                               
[2026/07/12 03:21:53] INFO     Running phase 'Evaluate' for  coordinator.py:402
                               MovieLens100K/ImplicitMFScore                   
                               r                                               
[2026/07/12 03:21:54] INFO     MovieLens100K/ImplicitMFScore coordinator.py:373
                               r done!                                         
                      INFO     Stopping runner...            coordinator.py:445
[2026/07/12 03:21:55] INFO     Reusing existing env 'LensKit_env' at envs.py:48
                               C:\Users\lukas\.omnirec\data\envs\Len           
                               sKit_env                                        
                      INFO     Starting runner...            coordinator.py:272
[2026/07/12 03:21:57] INFO     Runner started with pid:      coordinator.py:297
                               28380                                           
                      INFO     Connecting to runner...       coordinator.py:135
                      INFO     Running phase 'Fit' for       coordinator.py:402
                               MovieLens100K/PopScorer                         
[2026/07/12 03:22:07] INFO     Running phase 'Predict' for   coordinator.py:402
                               MovieLens100K/PopScorer                         
[2026/07/12 03:22:27] INFO     Running phase 'Evaluate' for  coordinator.py:402
                               MovieLens100K/PopScorer                         
[2026/07/12 03:22:29] INFO     MovieLens100K/PopScorer done! coordinator.py:373
                      INFO     Stopping runner...            coordinator.py:445
                  MovieLens100K-5b950c9a: Evaluation Results                   
+-----------------------------------------------------------------------------+
| Algorithm                       | NDCG@10             | Precision@10        |
|---------------------------------+---------------------+---------------------|
| LensKit.ImplicitMFScorer-f0dd7… | 0.15132662856939896 | 0.1398720682302772  |
| LensKit.PopScorer-f4aa5539-2027 | 0.12980588504084611 | 0.11279317697228144 |
+-----------------------------------------------------------------------------+
seed=44, ALS nDCG@10=0.15132663, Precision@10=0.13987207
seed=44, Pop nDCG@10=0.12980589, Precision@10=0.11279318

=== ALS + Pop: split seed 55 ===
                      INFO     Canonicalized data set    recsys_data_set.py:205
                               already exists, skipping                        
                               download and                                    
                               canonicalization.                               
                      INFO     Making data set        feedback_conversion.py:21
                               implicit with                                   
                               threshold 4.                                    
                      INFO     Minimum rating: 1      feedback_conversion.py:24
                      INFO     Maximum rating: 5      feedback_conversion.py:25
                      INFO     Number of interactions feedback_conversion.py:26
                               before: 100000                                  
                      INFO     Number of interactions feedback_conversion.py:44
                               after: 55375                                    
                      INFO     Pruning data set to 5-core.   core_pruning.py:19
                      INFO     Number of interactions        core_pruning.py:20
                               before: 55375                                   
                      INFO     Number of interactions after: core_pruning.py:63
                               54413                                           
[2026/07/12 03:22:30] INFO     Reusing existing env 'LensKit_env' at envs.py:48
                               C:\Users\lukas\.omnirec\data\envs\Len           
                               sKit_env                                        
                      INFO     Starting runner...            coordinator.py:272
[2026/07/12 03:22:32] INFO     Runner started with pid: 1740 coordinator.py:297
                      INFO     Connecting to runner...       coordinator.py:135
[2026/07/12 03:22:33] INFO     Running phase 'Fit' for       coordinator.py:402
                               MovieLens100K/ImplicitMFScore                   
                               r                                               
[2026/07/12 03:22:43] INFO     Running phase 'Predict' for   coordinator.py:402
                               MovieLens100K/ImplicitMFScore                   
                               r                                               
[2026/07/12 03:23:03] INFO     Running phase 'Evaluate' for  coordinator.py:402
                               MovieLens100K/ImplicitMFScore                   
                               r                                               
[2026/07/12 03:23:04] INFO     MovieLens100K/ImplicitMFScore coordinator.py:373
                               r done!                                         
                      INFO     Stopping runner...            coordinator.py:445
                      INFO     Reusing existing env 'LensKit_env' at envs.py:48
                               C:\Users\lukas\.omnirec\data\envs\Len           
                               sKit_env                                        
                      INFO     Starting runner...            coordinator.py:272
[2026/07/12 03:23:07] INFO     Runner started with pid:      coordinator.py:297
                               19316                                           
                      INFO     Connecting to runner...       coordinator.py:135
                      INFO     Running phase 'Fit' for       coordinator.py:402
                               MovieLens100K/PopScorer                         
[2026/07/12 03:23:17] INFO     Running phase 'Predict' for   coordinator.py:402
                               MovieLens100K/PopScorer                         
[2026/07/12 03:23:37] INFO     Running phase 'Evaluate' for  coordinator.py:402
                               MovieLens100K/PopScorer                         
[2026/07/12 03:23:39] INFO     MovieLens100K/PopScorer done! coordinator.py:373
                      INFO     Stopping runner...            coordinator.py:445
                  MovieLens100K-5b950c9a: Evaluation Results                   
+-----------------------------------------------------------------------------+
| Algorithm                       | NDCG@10             | Precision@10        |
|---------------------------------+---------------------+---------------------|
| LensKit.ImplicitMFScorer-f0dd7… | 0.15096632880145047 | 0.14232409381663114 |
| LensKit.PopScorer-f4aa5539-2027 | 0.12766647320306407 | 0.11247334754797442 |
+-----------------------------------------------------------------------------+
seed=55, ALS nDCG@10=0.15096633, Precision@10=0.14232409
seed=55, Pop nDCG@10=0.12766647, Precision@10=0.11247335

=== Per-run results (one row per algorithm and split seed) ===
algorithm  split_seed  nDCG@10  Precision@10
      ALS          11 0.155990      0.147548
      ALS          22 0.151866      0.139659
      ALS          33 0.156783      0.144456
      ALS          44 0.151327      0.139872
      ALS          55 0.150966      0.142324
      Pop          11 0.132826      0.117377
      Pop          22 0.133804      0.118337
      Pop          33 0.132753      0.114179
      Pop          44 0.129806      0.112793
      Pop          55 0.127666      0.112473

=== Across-seed summary ===
{
  "ALS__Precision@10": {
    "algorithm": "ALS",
    "metric": "Precision@10",
    "n_seeds": 5,
    "mean": 0.14277185501066098,
    "sample_std": 0.0033146907848552636,
    "minimum": 0.1396588486140725,
    "maximum": 0.14754797441364606
  },
  "ALS__nDCG@10": {
    "algorithm": "ALS",
    "metric": "nDCG@10",
    "n_seeds": 5,
    "mean": 0.15338647968838195,
    "sample_std": 0.002771660815113053,
    "minimum": 0.15096632880145047,
    "maximum": 0.1567829347076805
  },
  "Pop__Precision@10": {
    "algorithm": "Pop",
    "metric": "Precision@10",
    "n_seeds": 5,
    "mean": 0.11503198294243071,
    "sample_std": 0.0026790686296650464,
    "minimum": 0.11247334754797442,
    "maximum": 0.11833688699360341
  },
  "Pop__nDCG@10": {
    "algorithm": "Pop",
    "metric": "nDCG@10",
    "n_seeds": 5,
    "mean": 0.13137113373850506,
    "sample_std": 0.0025554377248363947,
    "minimum": 0.12766647320306407,
    "maximum": 0.1338042819804274
  }
}

=== Paired ALS-versus-Pop analysis ===
{
  "nDCG@10": {
    "als_minus_pop_by_seed": {
      "11": 0.023164077219407164,
      "22": 0.018061769221094065,
      "33": 0.024030284181943945,
      "44": 0.02152074352855285,
      "55": 0.023299855598386404
    },
    "mean_difference": 0.022015345949876884,
    "sample_std_difference": 0.0023929545101876093,
    "minimum_difference": 0.018061769221094065,
    "maximum_difference": 0.024030284181943945,
    "paired_t_like_statistic": 20.571979067098898
  },
  "Precision@10": {
    "als_minus_pop_by_seed": {
      "11": 0.030170575692963747,
      "22": 0.02132196162046908,
      "33": 0.03027718550106609,
      "44": 0.027078891257995757,
      "55": 0.02985074626865672
    },
    "mean_difference": 0.027739872068230274,
    "sample_std_difference": 0.0038219281653619577,
    "minimum_difference": 0.02132196162046908,
    "maximum_difference": 0.03027718550106609,
    "paired_t_like_statistic": 16.229567105387016
  },
  "interpretation": "Descriptive paired comparison across five common random splits; inference is limited by the small number of paired splits."
}

=== Protocol and preprocessing ===
{
  "stage": "final",
  "dataset": "MovieLens100K",
  "preprocessing": "retain ratings >= 4 (ratings > 3), then iterative 5-core filtering",
  "preprocessing_counts": {
    "raw_interactions": 100000,
    "implicit_interactions": 55375,
    "five_core_interactions": 54413
  },
  "split": "independent random user-based two-way holdout",
  "train_fraction": 0.8,
  "test_fraction": 0.2,
  "validation": "none; empty SplitData validation field",
  "split_seeds": [
    11,
    22,
    33,
    44,
    55
  ],
  "fixed_training_seed": 2027,
  "algorithms": {
    "ALS": {
      "omnirec_identifier": "LensKit.ImplicitMFScorer",
      "configuration": "standard OmniRec defaults; fixed {}"
    },
    "Pop": {
      "omnirec_identifier": "LensKit.PopScorer",
      "configuration": "standard OmniRec defaults; fixed {}"
    }
  },
  "metrics": [
    "nDCG@10",
    "Precision@10"
  ],
  "evaluation_protocol": "top-10 implicit recommendations exclude split-training interactions and score held-out positive interactions for the same users"
}
Saved final experiment artifacts under C:\Users\lukas\AutoRecLab_Team7\out_2026-07-12T02-40-20\workspace\working
Execution time: 5 minutes (time limit is an hour).